2025-04-09 22:00:59,512 - INFO - Начало работы программы
2025-04-09 22:00:59,512 - INFO - Создана базовая задача: Проект
2025-04-09 22:00:59,512 - INFO - Создана задача: Проект
2025-04-09 22:00:59,512 - INFO - Создана базовая задача: Учеба
2025-04-09 22:00:59,512 - INFO - Создана задача: Учеба
2025-04-09 22:00:59,512 - INFO - Создана срочная задача: Учеба
2025-04-09 22:00:59,512 - INFO - Создана базовая задача: Дом
2025-04-09 22:00:59,512 - INFO - Создана задача: Дом
2025-04-09 22:00:59,512 - INFO - Создана повторяющаяся задача: Дом
2025-04-09 22:00:59,513 - INFO - Объединение задач: Проект и Учеба
2025-04-09 22:00:59,513 - INFO - Создан новый список задач
2025-04-09 22:00:59,513 - INFO - Задача 'Проект' добавлена в список
2025-04-09 22:00:59,513 - INFO - Текущее количество задач: 1
2025-04-09 22:00:59,513 - INFO - Задача 'Учеба' добавлена в список
2025-04-09 22:00:59,513 - INFO - Текущее количество задач: 2
2025-04-09 22:00:59,513 - INFO - Задача 'Дом' добавлена в список
2025-04-09 22:00:59,513 - INFO - Текущее количество задач: 3
2025-04-09 22:00:59,513 - INFO - Найдена задача с максимальным priority: Учеба
2025-04-09 22:00:59,513 - INFO - Создана базовая задача: Несуществующая
2025-04-09 22:00:59,513 - INFO - Создана задача: Несуществующая
2025-04-09 22:00:59,513 - ERROR - Задача 'Несуществующая' не найдена при выполнении
2025-04-09 22:00:59,513 - ERROR - TaskError: Задача 'Несуществующая' не найдена
2025-04-09 22:00:59,513 - ERROR - TaskNotFoundError: Задача 'Несуществующая' не найдена
2025-04-09 22:00:59,513 - INFO - Создан новый менеджер задач
2025-04-09 22:00:59,513 - INFO - Добавлен новый список задач. Всего списков: 1
2025-04-09 22:00:59,513 - INFO - Поиск задачи с максимальным приоритетом
2025-04-09 22:00:59,513 - WARNING - Не найдено задач с атрибутом priority
2025-04-09 22:00:59,514 - INFO - Фильтрация задач по условию: <lambda>
2025-04-09 22:00:59,514 - INFO - Сортировка задач по ключу: <lambda>
2025-04-09 22:00:59,514 - INFO - Применение действия ко всем задачам: <lambda>
2025-04-09 22:00:59,514 - INFO - Запрошен список всех задач
2025-04-09 22:00:59,514 - INFO - Фильтрация задач по условию: <lambda>
2025-04-09 22:00:59,514 - INFO - Программа завершена
